Holmake: Scanning $(HOLDIR)/src/hol88
Holmake: Scanning $(HOLDIR)/src/TeX
Holmake: Scanning $(HOLDIR)/src/bag
Holmake: Scanning $(HOLDIR)/src/sort
Holmake: Scanning $(HOLDIR)/src/string
Holmake: Scanning $(HOLDIR)/src/n-bit
Holmake: Scanning $(HOLDIR)/src/res_quan/src
Holmake: Scanning $(HOLDIR)/src/finite_maps
Holmake: Scanning $(HOLDIR)/src/integer
Holmake: Scanning $(HOLDIR)/src/rational
Holmake: Scanning $(HOLDIR)/src/transfer
Holmake: Scanning $(HOLDIR)/src/pred_set/src/more_theories
Holmake: Scanning $(HOLDIR)/src/algebra/base
Holmake: Scanning $(HOLDIR)/src/algebra/construction
Holmake: Scanning $(HOLDIR)/src/algebra
Holmake: Scanning $(HOLDIR)/src/real
Holmake: Scanning $(HOLDIR)/src/real/analysis
Holmake: Scanning $(HOLDIR)/src/HolSmt
Holmake: Scanning $(HOLDIR)/src/tactictoe/src
Holmake: Scanning $(CAKEMLDIR)/developers
Holmake: Scanning $(HOLDIR)/examples/formal-languages/context-free
Holmake: Scanning $(HOLDIR)/examples/machine-code/hoare-triple
Holmake: Scanning $(HOLDIR)/src/coalgebras
Holmake: Scanning $(HOLDIR)/examples/pl-semantics/lprefix_lub
Holmake: Scanning $(CAKEMLDIR)/misc
Holmake: Scanning $(HOLDIR)/examples/data-structures/balanced_bst
Holmake: Scanning $(HOLDIR)/examples/formal-languages
Holmake: Scanning $(HOLDIR)/src/search
Holmake: Scanning $(HOLDIR)/examples/formal-languages/regular
Holmake: Scanning $(CAKEMLDIR)/basis/pure
Holmake: Scanning $(CAKEMLDIR)/semantics/ffi
Holmake: Scanning $(CAKEMLDIR)/semantics
Holmake: Scanning $(CAKEMLDIR)/semantics/proofs
Holmake: Scanning $(CAKEMLDIR)/compiler/parsing
Holmake: Scanning $(CAKEMLDIR)/translator
Holmake: Scanning $(CAKEMLDIR)/characteristic
Holmake: Scanning $(HOLDIR)/examples/algorithms/unification/triangular
Holmake: Scanning $(HOLDIR)/src/transfer/examples
Holmake: Scanning $(HOLDIR)/examples/algorithms/unification/triangular/first-order
Holmake: Scanning $(HOLDIR)/examples/algorithms/unification/triangular/first-order/compilation
Holmake: Scanning $(CAKEMLDIR)/compiler/inference
Holmake: Scanning $(CAKEMLDIR)/compiler/printing
Holmake: Scanning $(CAKEMLDIR)/translator/monadic/monad_base
Holmake: Scanning $(CAKEMLDIR)/translator/monadic
Holmake: Scanning $(CAKEMLDIR)/basis
Holmake: Scanning $(CAKEMLDIR)/compiler/backend/pattern_matching
Holmake: Scanning $(CAKEMLDIR)/unverified/reg_alloc
Holmake: Scanning $(CAKEMLDIR)/compiler/backend/reg_alloc
Holmake: Scanning $(HOLDIR)/src/floating-point
Holmake: Scanning $(HOLDIR)/src/monad/more_monads
Holmake: Scanning $(HOLDIR)/src/update
Holmake: Scanning $(HOLDIR)/examples/l3-machine-code/common
Holmake: Scanning $(CAKEMLDIR)/compiler/encoders/asm
Holmake: Scanning $(HOLDIR)/examples/algorithms
Holmake: Scanning $(HOLDIR)/examples/machine-code/multiword
Holmake: Scanning $(CAKEMLDIR)/compiler/backend
Holmake: Scanning $(CAKEMLDIR)/compiler/encoders/ag32
Holmake: Scanning $(CAKEMLDIR)/compiler/backend/ag32
Holmake: Scanning $(HOLDIR)/examples/l3-machine-code/lib
Holmake: Scanning $(HOLDIR)/examples/l3-machine-code/arm/model
Holmake: Scanning $(HOLDIR)/examples/machine-code/decompiler
Holmake: Scanning $(HOLDIR)/examples/l3-machine-code
Holmake: Scanning $(HOLDIR)/examples/l3-machine-code/arm/step
Holmake: Scanning $(CAKEMLDIR)/compiler/encoders/arm7
Holmake: Scanning $(CAKEMLDIR)/compiler/backend/arm7
Holmake: Scanning $(HOLDIR)/examples/l3-machine-code/arm8/model
Holmake: Scanning $(HOLDIR)/examples/l3-machine-code/arm8/step
Holmake: Scanning $(CAKEMLDIR)/compiler/encoders/arm8
Holmake: Scanning $(CAKEMLDIR)/compiler/backend/arm8
Holmake: Scanning $(HOLDIR)/examples/l3-machine-code/mips/model
Holmake: Scanning $(HOLDIR)/examples/l3-machine-code/mips/step
Holmake: Scanning $(CAKEMLDIR)/compiler/encoders/mips
Holmake: Scanning $(CAKEMLDIR)/compiler/backend/mips
Holmake: Scanning $(HOLDIR)/examples/l3-machine-code/riscv/model
Holmake: Scanning $(HOLDIR)/examples/l3-machine-code/riscv/step
Holmake: Scanning $(CAKEMLDIR)/compiler/encoders/riscv
Holmake: Scanning $(CAKEMLDIR)/compiler/backend/riscv
Holmake: Scanning $(HOLDIR)/examples/l3-machine-code/x64/model
Holmake: Scanning $(HOLDIR)/examples/l3-machine-code/x64/step
Holmake: Scanning $(CAKEMLDIR)/compiler/encoders/x64
Holmake: Scanning $(CAKEMLDIR)/compiler/backend/x64
Holmake: Scanning $(CAKEMLDIR)/pancake
Holmake: Scanning $(CAKEMLDIR)/pancake/parser
Holmake: Scanning $(CAKEMLDIR)/compiler
Holmake: Scanning $(CAKEMLDIR)/compiler/backend/serialiser
Holmake: Scanning $(CAKEMLDIR)/compiler/backend/cv_compute
Holmake: Scanning $(HOLDIR)/src/num/theories/cv_compute/automation
Holmake: Scanning $(HOLDIR)/examples/bootstrap
Holmake: Scanning $(CAKEMLDIR)/cv_translator
Holmake: Scanning ..
Holmake: Scanned 91 directories
Holmake: Building 1 theory file
Holmake: Linking /workspace/scratch/075feb80ddac/MetaRocq-rs/formal/hol4/compiler-automation/OriginalCompilerOutputAutomationContractScript.uo to produce theory-builder executable
/workspace/scratch/075feb80ddac/MetaRocq-rs/.aegis/references/hol4/src/HolSmt/Alethe_ProofReplay.sml:607: warning: Matches are not exhaustive.
Found near
  case prems of
     [p] =>
     metis_prove [...] target
     handle Feedback.HOL_ERR _ => let val ... in ... ... end | _ => raise ...
/workspace/scratch/075feb80ddac/MetaRocq-rs/.aegis/references/hol4/src/HolSmt/Alethe_ProofReplay.sml:624: warning: Matches are not exhaustive.
Found near
  case prems of
     [p] =>
     metis_prove [...] target
     handle
        Feedback.HOL_ERR _ => let val ...; ... in ... ... end |
        _ => raise ...
/workspace/scratch/075feb80ddac/MetaRocq-rs/.aegis/references/hol4/src/HolSmt/Alethe_ProofReplay.sml:1164: warning: Matches are not exhaustive.
Found near
  case prems of
     [p] =>
     let val ... = ...; val ...; ... in ... ... p end
     handle Feedback.HOL_ERR _ => ... ... target | _ => ... ...
/workspace/scratch/075feb80ddac/MetaRocq-rs/.aegis/references/hol4/src/HolSmt/Alethe_ProofReplay.sml:1155: warning: Matches are not exhaustive.
Found near
  case prems of
     [p] =>
     Thm.SYM p handle Feedback.HOL_ERR _ => ... ... (... ...) | _ => ... ...
<<HOL message: Created theory "OriginalCompilerOutputAutomationContract">>
<<HOL warning: Context.snapshot: ambient context read while a proof was running (in OriginalCompilerOutputAutomationContract)>>
<<HOL warning: SmtLib.translate_type: uninterpreted type :num>>
<<HOL warning: SmtLib.translate_term: uninterpreted constant $&>>
<<HOL warning: SmtLib.translate_term: uninterpreted constant Num>>
<<HOL message: HolSmtLib: calling external command '/workspace/scratch/075feb80ddac/runtime/proof-automation/bin/z3 proof=true pp.simplify_implies=false -smt2 -file:/tmp/MLTEMPg45hTZ > /tmp/MLTEMPbNRdXn'>>
<<HOL message: HolSmtLib: parsing Z3 proof>>
<<HOL message: HolSmtLib: checking Z3 proof>>
<<HOL message: HolSmtLib: solver reports negated term to be 'unsatisfiable' (proof checked)>>
<<HOL warning: SmtLib.translate_type: uninterpreted type :num>>
<<HOL warning: SmtLib.translate_term: uninterpreted constant $&>>
<<HOL warning: SmtLib.translate_term: uninterpreted constant Num>>
<<HOL message: HolSmtLib: calling external command '/workspace/scratch/075feb80ddac/runtime/proof-automation/bin/z3 proof=true pp.simplify_implies=false -smt2 -file:/tmp/MLTEMP3AOIEg > /tmp/MLTEMPjS72uB'>>
<<HOL message: HolSmtLib: parsing Z3 proof>>
<<HOL message: HolSmtLib: checking Z3 proof>>
<<HOL message: HolSmtLib: solver reports negated term to be 'unsatisfiable' (proof checked)>>
Saved theorem _______ "library_code_length"
Saved theorem _______ "library_data_length"
Saved theorem _______ "library_code_address_bounds_z3"
Saved theorem _______ "library_code_data_offsets_disjoint_z3"
Exporting theory "OriginalCompilerOutputAutomationContract" ... done.
Theory "OriginalCompilerOutputAutomationContract" took 2.8s to build
Holmake: [1/1] OriginalCompilerOutputAutomationContract
