SUCCESS: stage 01
From https://github.com/MetaRocq/metarocq
 * branch            7197056adbb9c15288b4c8d43407bf25786f723e -> FETCH_HEAD
HEAD is now at 7197056 Merge pull request #1248 from mattam82/fix-template-plugin-mlpack
From https://github.com/peregrine-project/peregrine-tool
 * branch            d768b83ffa7dab35b8d72241f0570b5bb6aedae9 -> FETCH_HEAD
HEAD is now at d768b83 Merge pull request #73 from peregrine-project/dependabot/github_actions/haskell-actions/setup-2.12.0
From https://github.com/QuasarRay/kontroli-rs
 * branch            966cfc3069aab378d10ae567da4ff41c2da95c65 -> FETCH_HEAD
HEAD is now at 966cfc3 Merge pull request #44 from QuasarRay/proof/35-aeneas-symbol-manifest
{
  "status": "SOURCES_MATCH",
  "repositories": {
    "metarocq": "7197056adbb9c15288b4c8d43407bf25786f723e",
    "peregrine": "d768b83ffa7dab35b8d72241f0570b5bb6aedae9",
    "aegis": "3ca3f2bb048b93d7b2399c17af083e30338465e9",
    "kontroli": "966cfc3069aab378d10ae567da4ff41c2da95c65"
  },
  "claim": "source identity only; no extraction or proof run"
}
Peregrine selfhost source/provenance contract: FAIL: cakeml_backend: missing checkout /home/runner/work/MetaRocq-rs/MetaRocq-rs/.aegis/references/cakeml-backend
FAILED: stage 02 -- Peregrine: clone, pin and audit
