/workspace/scratch/075feb80ddac/MetaRocq-rs/generated/peregrine-selfhost/hol4/cakeml-context-compat.json: OK
/workspace/scratch/075feb80ddac/MetaRocq-rs/generated/peregrine-selfhost/hol4/toolchain.env: OK
/workspace/scratch/075feb80ddac/MetaRocq-rs/.aegis/derived/cakeml-context-93874a495eb9b376/misc/preamble.sml: OK
/workspace/scratch/075feb80ddac/MetaRocq-rs/.aegis/references/hol4/src/1/Tactical.sig: OK
/workspace/scratch/075feb80ddac/MetaRocq-rs/.aegis/derived/cakeml-context-93874a495eb9b376/cv_translator/.hol/objs/eval_cake_compileLib.uo: OK
/workspace/scratch/075feb80ddac/MetaRocq-rs/.aegis/derived/cakeml-context-93874a495eb9b376/cv_translator/.hol/objs/eval_cake_compileLib.ui: OK
/workspace/scratch/075feb80ddac/MetaRocq-rs/.aegis/derived/cakeml-context-93874a495eb9b376/cv_translator/.hol/objs/eval_cake_compile_x64Lib.uo: OK
tools/materialize_cakeml_context_compat.py: OK
tools/prepare_peregrine_hol4.sh: OK
/workspace/scratch/075feb80ddac/MetaRocq-rs/.aegis/derived/cakeml-context-93874a495eb9b376/basis/CommandLineProofScript.sml: OK
/workspace/scratch/075feb80ddac/MetaRocq-rs/.aegis/derived/cakeml-context-93874a495eb9b376/basis/HashtableProofScript.sml: OK
/workspace/scratch/075feb80ddac/MetaRocq-rs/.aegis/derived/cakeml-context-93874a495eb9b376/basis/MarshallingProgScript.sml: OK
/workspace/scratch/075feb80ddac/MetaRocq-rs/.aegis/derived/cakeml-context-93874a495eb9b376/basis/MarshallingScript.sml: OK
/workspace/scratch/075feb80ddac/MetaRocq-rs/.aegis/derived/cakeml-context-93874a495eb9b376/basis/RatProgScript.sml: OK
/workspace/scratch/075feb80ddac/MetaRocq-rs/.aegis/derived/cakeml-context-93874a495eb9b376/basis/TextIOProofScript.sml: OK
/workspace/scratch/075feb80ddac/MetaRocq-rs/.aegis/derived/cakeml-context-93874a495eb9b376/basis/Word64ProgScript.sml: OK
/workspace/scratch/075feb80ddac/MetaRocq-rs/.aegis/derived/cakeml-context-93874a495eb9b376/basis/Word8ProgScript.sml: OK
/workspace/scratch/075feb80ddac/MetaRocq-rs/.aegis/derived/cakeml-context-93874a495eb9b376/basis/pure/basis_cvScript.sml: OK
/workspace/scratch/075feb80ddac/MetaRocq-rs/.aegis/derived/cakeml-context-93874a495eb9b376/basis/pure/mlintScript.sml: OK
/workspace/scratch/075feb80ddac/MetaRocq-rs/.aegis/derived/cakeml-context-93874a495eb9b376/candle/prover/compute/computeScript.sml: OK
/workspace/scratch/075feb80ddac/MetaRocq-rs/.aegis/derived/cakeml-context-93874a495eb9b376/candle/prover/compute/compute_execScript.sml: OK
/workspace/scratch/075feb80ddac/MetaRocq-rs/.aegis/derived/cakeml-context-93874a495eb9b376/candle/prover/compute/compute_syntaxProofScript.sml: OK
/workspace/scratch/075feb80ddac/MetaRocq-rs/.aegis/derived/cakeml-context-93874a495eb9b376/candle/prover/compute/compute_syntaxScript.sml: OK
/workspace/scratch/075feb80ddac/MetaRocq-rs/.aegis/derived/cakeml-context-93874a495eb9b376/candle/set-theory/setModelScript.sml: OK
/workspace/scratch/075feb80ddac/MetaRocq-rs/.aegis/derived/cakeml-context-93874a495eb9b376/compiler/backend/ag32/ag32_memoryScript.sml: OK
/workspace/scratch/075feb80ddac/MetaRocq-rs/.aegis/derived/cakeml-context-93874a495eb9b376/compiler/backend/ag32/proofs/ag32_basis_ffiProofScript.sml: OK
/workspace/scratch/075feb80ddac/MetaRocq-rs/.aegis/derived/cakeml-context-93874a495eb9b376/compiler/backend/ag32/proofs/ag32_ffi_codeProofScript.sml: OK
/workspace/scratch/075feb80ddac/MetaRocq-rs/.aegis/derived/cakeml-context-93874a495eb9b376/compiler/backend/ag32/proofs/ag32_memoryProofScript.sml: OK
/workspace/scratch/075feb80ddac/MetaRocq-rs/.aegis/derived/cakeml-context-93874a495eb9b376/compiler/backend/backend_commonScript.sml: OK
/workspace/scratch/075feb80ddac/MetaRocq-rs/.aegis/derived/cakeml-context-93874a495eb9b376/compiler/backend/backend_passesScript.sml: OK
/workspace/scratch/075feb80ddac/MetaRocq-rs/.aegis/derived/cakeml-context-93874a495eb9b376/compiler/backend/bvl_to_bviScript.sml: OK
/workspace/scratch/075feb80ddac/MetaRocq-rs/.aegis/derived/cakeml-context-93874a495eb9b376/compiler/backend/clos_to_bvlScript.sml: OK
/workspace/scratch/075feb80ddac/MetaRocq-rs/.aegis/derived/cakeml-context-93874a495eb9b376/compiler/backend/cv_compute/backend_asmScript.sml: OK
/workspace/scratch/075feb80ddac/MetaRocq-rs/.aegis/derived/cakeml-context-93874a495eb9b376/compiler/backend/data_to_wordScript.sml: OK
/workspace/scratch/075feb80ddac/MetaRocq-rs/.aegis/derived/cakeml-context-93874a495eb9b376/compiler/backend/exportScript.sml: OK
/workspace/scratch/075feb80ddac/MetaRocq-rs/.aegis/derived/cakeml-context-93874a495eb9b376/compiler/backend/jsonLangScript.sml: OK
/workspace/scratch/075feb80ddac/MetaRocq-rs/.aegis/derived/cakeml-context-93874a495eb9b376/compiler/backend/presLangScript.sml: OK
/workspace/scratch/075feb80ddac/MetaRocq-rs/.aegis/derived/cakeml-context-93874a495eb9b376/compiler/backend/proofs/backendProofScript.sml: OK
/workspace/scratch/075feb80ddac/MetaRocq-rs/.aegis/derived/cakeml-context-93874a495eb9b376/compiler/backend/proofs/bvi_tailrecProofScript.sml: OK
/workspace/scratch/075feb80ddac/MetaRocq-rs/.aegis/derived/cakeml-context-93874a495eb9b376/compiler/backend/proofs/bvl_to_bviProofScript.sml: OK
/workspace/scratch/075feb80ddac/MetaRocq-rs/.aegis/derived/cakeml-context-93874a495eb9b376/compiler/backend/proofs/clos_to_bvlProofScript.sml: OK
/workspace/scratch/075feb80ddac/MetaRocq-rs/.aegis/derived/cakeml-context-93874a495eb9b376/compiler/backend/proofs/data_to_word_assignProofScript.sml: OK
/workspace/scratch/075feb80ddac/MetaRocq-rs/.aegis/derived/cakeml-context-93874a495eb9b376/compiler/backend/proofs/data_to_word_gcProofScript.sml: OK
/workspace/scratch/075feb80ddac/MetaRocq-rs/.aegis/derived/cakeml-context-93874a495eb9b376/compiler/backend/proofs/data_to_word_memoryProofScript.sml: OK
/workspace/scratch/075feb80ddac/MetaRocq-rs/.aegis/derived/cakeml-context-93874a495eb9b376/compiler/backend/proofs/lab_to_targetProofScript.sml: OK
/workspace/scratch/075feb80ddac/MetaRocq-rs/.aegis/derived/cakeml-context-93874a495eb9b376/compiler/backend/proofs/stack_removeProofScript.sml: OK
/workspace/scratch/075feb80ddac/MetaRocq-rs/.aegis/derived/cakeml-context-93874a495eb9b376/compiler/backend/proofs/stack_to_labProofScript.sml: OK
/workspace/scratch/075feb80ddac/MetaRocq-rs/.aegis/derived/cakeml-context-93874a495eb9b376/compiler/backend/proofs/word_allocProofScript.sml: OK
/workspace/scratch/075feb80ddac/MetaRocq-rs/.aegis/derived/cakeml-context-93874a495eb9b376/compiler/backend/proofs/word_to_stackProofScript.sml: OK
/workspace/scratch/075feb80ddac/MetaRocq-rs/.aegis/derived/cakeml-context-93874a495eb9b376/compiler/backend/reg_alloc/proofs/reg_allocProofScript.sml: OK
/workspace/scratch/075feb80ddac/MetaRocq-rs/.aegis/derived/cakeml-context-93874a495eb9b376/compiler/backend/reg_alloc/reg_allocScript.sml: OK
/workspace/scratch/075feb80ddac/MetaRocq-rs/.aegis/derived/cakeml-context-93874a495eb9b376/compiler/backend/semantics/labPropsScript.sml: OK
/workspace/scratch/075feb80ddac/MetaRocq-rs/.aegis/derived/cakeml-context-93874a495eb9b376/compiler/backend/semantics/labSemScript.sml: OK
/workspace/scratch/075feb80ddac/MetaRocq-rs/.aegis/derived/cakeml-context-93874a495eb9b376/compiler/backend/semantics/stackSemScript.sml: OK
/workspace/scratch/075feb80ddac/MetaRocq-rs/.aegis/derived/cakeml-context-93874a495eb9b376/compiler/backend/semantics/targetSemScript.sml: OK
/workspace/scratch/075feb80ddac/MetaRocq-rs/.aegis/derived/cakeml-context-93874a495eb9b376/compiler/backend/semantics/target_itreeEquivScript.sml: OK
/workspace/scratch/075feb80ddac/MetaRocq-rs/.aegis/derived/cakeml-context-93874a495eb9b376/compiler/backend/semantics/target_itreePropsScript.sml: OK
/workspace/scratch/075feb80ddac/MetaRocq-rs/.aegis/derived/cakeml-context-93874a495eb9b376/compiler/backend/semantics/target_itreeSemScript.sml: OK
/workspace/scratch/075feb80ddac/MetaRocq-rs/.aegis/derived/cakeml-context-93874a495eb9b376/compiler/backend/semantics/wordSemScript.sml: OK
/workspace/scratch/075feb80ddac/MetaRocq-rs/.aegis/derived/cakeml-context-93874a495eb9b376/compiler/backend/serialiser/num_list_enc_decScript.sml: OK
/workspace/scratch/075feb80ddac/MetaRocq-rs/.aegis/derived/cakeml-context-93874a495eb9b376/compiler/backend/word_allocScript.sml: OK
/workspace/scratch/075feb80ddac/MetaRocq-rs/.aegis/derived/cakeml-context-93874a495eb9b376/compiler/bootstrap/translation/caml_lexProgScript.sml: OK
/workspace/scratch/075feb80ddac/MetaRocq-rs/.aegis/derived/cakeml-context-93874a495eb9b376/compiler/bootstrap/translation/explorerProgScript.sml: OK
/workspace/scratch/075feb80ddac/MetaRocq-rs/.aegis/derived/cakeml-context-93874a495eb9b376/compiler/bootstrap/translation/x64ProgScript.sml: OK
/workspace/scratch/075feb80ddac/MetaRocq-rs/.aegis/derived/cakeml-context-93874a495eb9b376/compiler/dafny/proofs/dafny_to_cakemlProofScript.sml: OK
/workspace/scratch/075feb80ddac/MetaRocq-rs/.aegis/derived/cakeml-context-93874a495eb9b376/compiler/encoders/ag32/proofs/ag32_targetProofScript.sml: OK
/workspace/scratch/075feb80ddac/MetaRocq-rs/.aegis/derived/cakeml-context-93874a495eb9b376/compiler/encoders/arm7/proofs/arm7_targetProofScript.sml: OK
/workspace/scratch/075feb80ddac/MetaRocq-rs/.aegis/derived/cakeml-context-93874a495eb9b376/compiler/encoders/arm8/proofs/arm8_targetProofScript.sml: OK
/workspace/scratch/075feb80ddac/MetaRocq-rs/.aegis/derived/cakeml-context-93874a495eb9b376/compiler/encoders/arm8_asl/proofs/arm8_asl_targetProofScript.sml: OK
/workspace/scratch/075feb80ddac/MetaRocq-rs/.aegis/derived/cakeml-context-93874a495eb9b376/compiler/encoders/asm/asmLib.sml: OK
/workspace/scratch/075feb80ddac/MetaRocq-rs/.aegis/derived/cakeml-context-93874a495eb9b376/compiler/encoders/asm/asmPropsScript.sml: OK
/workspace/scratch/075feb80ddac/MetaRocq-rs/.aegis/derived/cakeml-context-93874a495eb9b376/compiler/encoders/asm/asmSemScript.sml: OK
/workspace/scratch/075feb80ddac/MetaRocq-rs/.aegis/derived/cakeml-context-93874a495eb9b376/compiler/encoders/mips/proofs/mips_targetProofScript.sml: OK
/workspace/scratch/075feb80ddac/MetaRocq-rs/.aegis/derived/cakeml-context-93874a495eb9b376/compiler/encoders/monadic_enc/monadic_enc32Script.sml: OK
/workspace/scratch/075feb80ddac/MetaRocq-rs/.aegis/derived/cakeml-context-93874a495eb9b376/compiler/encoders/monadic_enc/monadic_enc64Script.sml: OK
/workspace/scratch/075feb80ddac/MetaRocq-rs/.aegis/derived/cakeml-context-93874a495eb9b376/compiler/encoders/monadic_enc/monadic_encScript.sml: OK
/workspace/scratch/075feb80ddac/MetaRocq-rs/.aegis/derived/cakeml-context-93874a495eb9b376/compiler/encoders/riscv/proofs/riscv_targetProofScript.sml: OK
/workspace/scratch/075feb80ddac/MetaRocq-rs/.aegis/derived/cakeml-context-93874a495eb9b376/compiler/encoders/x64/x64_eval_encodeScript.sml: OK
/workspace/scratch/075feb80ddac/MetaRocq-rs/.aegis/derived/cakeml-context-93874a495eb9b376/compiler/parsing/fromSexpScript.sml: OK
/workspace/scratch/075feb80ddac/MetaRocq-rs/.aegis/derived/cakeml-context-93874a495eb9b376/cv_translator/backend_cvScript.sml: OK
/workspace/scratch/075feb80ddac/MetaRocq-rs/.aegis/derived/cakeml-context-93874a495eb9b376/cv_translator/eval_cake_compileLib.sml: OK
/workspace/scratch/075feb80ddac/MetaRocq-rs/.aegis/derived/cakeml-context-93874a495eb9b376/examples/deflate/deflateScript.sml: OK
/workspace/scratch/075feb80ddac/MetaRocq-rs/.aegis/derived/cakeml-context-93874a495eb9b376/examples/deflate/ringBufferScript.sml: OK
/workspace/scratch/075feb80ddac/MetaRocq-rs/.aegis/derived/cakeml-context-93874a495eb9b376/examples/diffScript.sml: OK
/workspace/scratch/075feb80ddac/MetaRocq-rs/.aegis/derived/cakeml-context-93874a495eb9b376/examples/divScript.sml: OK
/workspace/scratch/075feb80ddac/MetaRocq-rs/.aegis/derived/cakeml-context-93874a495eb9b376/examples/grepProgScript.sml: OK
/workspace/scratch/075feb80ddac/MetaRocq-rs/.aegis/derived/cakeml-context-93874a495eb9b376/examples/lispProgScript.sml: OK
/workspace/scratch/075feb80ddac/MetaRocq-rs/.aegis/derived/cakeml-context-93874a495eb9b376/examples/lpr_checker/array/lpr_listScript.sml: OK
/workspace/scratch/075feb80ddac/MetaRocq-rs/.aegis/derived/cakeml-context-93874a495eb9b376/examples/lpr_checker/lpr_parsingScript.sml: OK
/workspace/scratch/075feb80ddac/MetaRocq-rs/.aegis/derived/cakeml-context-93874a495eb9b376/examples/pseudo_bool/array/npbc_listScript.sml: OK
/workspace/scratch/075feb80ddac/MetaRocq-rs/.aegis/derived/cakeml-context-93874a495eb9b376/examples/pseudo_bool/pbc_normaliseScript.sml: OK
/workspace/scratch/075feb80ddac/MetaRocq-rs/.aegis/derived/cakeml-context-93874a495eb9b376/examples/queueProgScript.sml: OK
/workspace/scratch/075feb80ddac/MetaRocq-rs/.aegis/derived/cakeml-context-93874a495eb9b376/examples/scpog_checker/array/scpog_listScript.sml: OK
/workspace/scratch/075feb80ddac/MetaRocq-rs/.aegis/derived/cakeml-context-93874a495eb9b376/examples/xlrup_checker/array/xlrup_listScript.sml: OK
/workspace/scratch/075feb80ddac/MetaRocq-rs/.aegis/derived/cakeml-context-93874a495eb9b376/examples/xlrup_checker/xlrupScript.sml: OK
/workspace/scratch/075feb80ddac/MetaRocq-rs/.aegis/derived/cakeml-context-93874a495eb9b376/misc/miscScript.sml: OK
/workspace/scratch/075feb80ddac/MetaRocq-rs/.aegis/derived/cakeml-context-93874a495eb9b376/pancake/proofs/pan_to_crepProofScript.sml: OK
/workspace/scratch/075feb80ddac/MetaRocq-rs/.aegis/derived/cakeml-context-93874a495eb9b376/pancake/proofs/pan_to_targetProofScript.sml: OK
/workspace/scratch/075feb80ddac/MetaRocq-rs/.aegis/derived/cakeml-context-93874a495eb9b376/pancake/semantics/loopSemScript.sml: OK
/workspace/scratch/075feb80ddac/MetaRocq-rs/.aegis/derived/cakeml-context-93874a495eb9b376/pancake/semantics/pan_commonPropsScript.sml: OK
/workspace/scratch/075feb80ddac/MetaRocq-rs/.aegis/derived/cakeml-context-93874a495eb9b376/translator/ml_translatorScript.sml: OK
/workspace/scratch/075feb80ddac/MetaRocq-rs/.aegis/derived/cakeml-context-93874a495eb9b376/translator/okasaki-examples/BinomialHeapScript.sml: OK
/workspace/scratch/075feb80ddac/MetaRocq-rs/.aegis/derived/cakeml-context-93874a495eb9b376/translator/okasaki-examples/BottomUpMergeSortScript.sml: OK
/workspace/scratch/075feb80ddac/MetaRocq-rs/.aegis/derived/cakeml-context-93874a495eb9b376/translator/other-examples/example_primality_testScript.sml: OK
