Preparing worktree (detached HEAD 6b2b70e)
HEAD is now at 6b2b70e source fixture
Preparing worktree (detached HEAD 0367071)
HEAD is now at 0367071 source fixture
Preparing worktree (detached HEAD d044458)
HEAD is now at d044458 source fixture
.Preparing worktree (detached HEAD 6b2b70e)
HEAD is now at 6b2b70e source fixture
.Preparing worktree (detached HEAD 6b2b70e)
HEAD is now at 6b2b70e source fixture
Preparing worktree (detached HEAD 0367071)
HEAD is now at 0367071 source fixture
Preparing worktree (detached HEAD d044458)
HEAD is now at d044458 source fixture
.Preparing worktree (detached HEAD 6b2b70e)
HEAD is now at 6b2b70e source fixture
Preparing worktree (detached HEAD 0367071)
HEAD is now at 0367071 source fixture
Preparing worktree (detached HEAD d044458)
HEAD is now at d044458 source fixture
.Preparing worktree (detached HEAD 6b2b70e)
HEAD is now at 6b2b70e source fixture
.Preparing worktree (detached HEAD db43919)
HEAD is now at db43919 source fixture
Preparing worktree (detached HEAD cf82d84)
HEAD is now at cf82d84 source fixture
.Preparing worktree (detached HEAD db43919)
HEAD is now at db43919 source fixture
Preparing worktree (detached HEAD 484345e)
HEAD is now at 484345e unmapped fixture
Preparing worktree (detached HEAD 0b92933)
HEAD is now at 0b92933 source fixture
.
----------------------------------------------------------------------
Ran 7 tests in 0.691s

OK
